
         
 *******************************************************************************
 *                                                                             *
 *                               CRYSTAL14                                     *
 *                      public : 1.0.1 - Dec 11th, 2013                        *
 *                       HTTP://WWW.CRYSTAL.UNITO.IT                           *
 *                                                                             *
 *                              MAIN AUTHORS                                   *
 *                                                                             *
 *  R. DOVESI(1,11), V.R. SAUNDERS(2), C. ROETTI(1,11), R. ORLANDO(1,11),      *
 *  C.M. ZICOVICH-WILSON(1,3), F. PASCALE(4), B. CIVALLERI(1,11),              *
 *  K. DOLL(5), N.M. HARRISON(2,6), I. J. BUSH(7), Ph. D'ARCO(8),              *
 *  M. LLUNELL(9), M. CAUSA'(10), Y. NOEL(8)                                   *
 *                                                                             *
 *        CONTRIBUTIONS TO THE CURRENT RELEASE HAVE BEEN GIVEN BY              *
 *                                                                             *
 *  L. MASCHIO(1,11), S. CASASSA(1,11), A. ERBA(1,11), M. FERRABONE(1,11),     *
 *  M. DE LA PIERRE(1,11), M. FERRERO(1,11), V. LACIVITA(1,11),                *
 *  J. BAIMA(1,11), E. ALBANESE(1,11), M.F. PEINTINGER(12), R. BAST(13),       *
 *  M. RERAT(14), B. KIRTMAN(15), R. DEMICHELIS(1,16)                          *
 *                                                                             *
 * (1) THEORETICAL CHEMISTRY GROUP - UNIVERSITA' DI TORINO - TORINO (ITALY)    *
 *     http://www.crystal.unito.it                                             *
 * (2) COMPUTATIONAL SCIENCE & ENGINEERING DEPARTMENT - STFC DARESBURY (UK)    *
 *     http://www.stfc.ac.uk/CSE/randd/cmg/CRYSTAL/25806.aspx                  *
 * (3) UNIVERSIDAD AUTONOMA DEL ESTADO DE MORELOS - CUERNAVACA (MEXICO)        *
 * (4) UNIVERSITE' DE LORRAINE - NANCY (FRANCE)                                *
 * (5) UNIVERSITAET ULM - ULM (GERMANY); (6) IMPERIAL COLLEGE - LONDON (UK)    *
 * (7) NAG - OXFORD (UK); (8) UPMC - SORBONNE UNIVERSITES - PARIS (FRANCE)     *
 * (9) UNIVERSIDAD DE BARCELONA - BARCELONA (SPAIN)                            *
 *(10) UNIVERSITA' DI NAPOLI "FEDERICO II" - NAPOLI (ITALY)                    *
 *(11) NIS - NANOSTRUCTURED INTERFACES AND SURFACES - TORINO (ITALY)           *
 *(12) MPI FUER CHEMISCHE ENERGIEKONVERSION - MUELHEIM AN DER RUHR (GERMANY)   *
 *(13) UNIVERSITY OF STOCKHOLM - STOCKHOLM (SWEDEN)                            *
 *(14) UNIVERSITE' DE PAU ET DES PAYS DE L'ADOUR - PAU (FRANCE)                *
 *(15) UNIVERSITY OF CALIFORNIA SANTA BARBARA - SANTA BARBARA (USA)            *
 *(16) CURTIN UNIVERSITY - PERTH (AUSTRALIA)                                   *
 *                                                                             *
 ********************************************************************************
 EEEEEEEEEE STARTING  DATE 10 09 2019 TIME 15:09:43.7

 *******************************************************************************
 TEST11 - MGO BULK                                                               
 CRYSTAL - PROPERTIES - TYPE OF CALCULATION :  RESTRICTED CLOSED SHELL
 *******************************************************************************
 HARTREE-FOCK HAMILTONIAN

 DIRECT LATTICE VECTOR COMPONENTS (ANGSTROM)
         0.00000    2.09530    2.09530
         2.09530    0.00000    2.09530
         2.09530    2.09530    0.00000

 LATTICE PARAMETERS  (ANGSTROM AND DEGREES) - PRIMITIVE CELL
       A          B          C         ALPHA      BETA     GAMMA        VOLUME
    2.96320    2.96320    2.96320     60.0000   60.0000   60.0000      18.39789
 *******************************************************************************
 N. OF ATOMS PER CELL         2 COULOMB OVERLAP TOL          (T1) 10**   -6
 NUMBER OF SHELLS             6 COULOMB PENETRATION TOL      (T2) 10**   -6
 NUMBER OF AO                18 EXCHANGE OVERLAP TOL         (T3) 10**   -6
 N. OF ELECTRONS PER CELL    20 EXCHANGE PSEUDO OVP (F(G))   (T4) 10**   -6
 CORE ELECTRONS PER CELL     12 EXCHANGE PSEUDO OVP (P(G))   (T5) 10**  -12
 N. OF SYMMETRY OPERATORS    48 POLE ORDER IN MONO ZONE                   4
 *******************************************************************************
   ATOM N.AT.  SHELL    X(A)      Y(A)      Z(A)      EXAD       N.ELECT.
 *******************************************************************************
    1   12 MG    3     0.000     0.000     0.000   4.000E-01      10.018
    2    8 O     3     2.095     2.095     2.095   2.100E-01       9.982
 *******************************************************************************
 DE(K)                   0.000E+00  ENERGY LEVEL SHIFTING        0.00000
 TOTAL ENERGY -2.7466427544495E+02  CONVERGENCE ON ENER        4.439E-08
 KIN. ENERGY   2.7469167679058E+02  VIR. COEFF.           1.00004988E+00
 N. OF SCF CYCLES                7  FERMI ENERGY              -0.308E+00
 WEIGHT OF F(I) IN F(I+1)      30
 SHRINK. FACT.(MONKH.)     8  8  8  SHRINKING FACTOR(GILAT NET)        8
 NUMBER OF K POINTS IN THE IBZ  29  CELL VOLUME (A.U.)        125.887585
 *******************************************************************************

 GCALCO - MAX INDICES DIRECT LATTICE VECTOR    14    14    14
 NO.OF VECTORS CREATED 6999 STARS  105 RMAX    59.26098 BOHR

 MATRIX SIZE: P(G)   18058, F(G)    3490, P(G) IRR     880, F(G) IRR     486
 MAX G-VECTOR INDEX FOR 1- AND 2-ELECTRON INTEGRALS 247


 CAPPA:IS1  8;IS2  8;IS3  8; K PTS MONK NET  29; SYMMOPS:K SPACE  48;G SPACE  48

 WARNING **** F90MAIN3 **** BF SYMMETRY ADAPTED-INFO MODIFIED BY BAND-CALL NEWK


 *******************************************************************************
 *                                                                             *
 *  BAND STRUCTURE                                                             *
 *  CRYSTAL RUN                                                                *
 *  FROM BAND   1 TO BAND  14                                                  *
 *  TOTAL OF  30 K-POINTS ALONG THE PATH                                       *
 *                                                                             *
 *******************************************************************************

 LINE  1 ( 0.00 0.00 0.00: 0.50 0.00 0.50) IN TERMS OF PRIMITIVE LATTICE VECTORS
   7 POINTS - SHRINKING_FACTOR  48
 CARTESIAN COORD. ( 0.000 0.000 0.000):( 0.000 0.793 0.000) STEP  0.1322


 LINE  2 ( 0.50 0.00 0.50: 0.62 0.25 0.62) IN TERMS OF PRIMITIVE LATTICE VECTORS
   2 POINTS - SHRINKING_FACTOR  16
 CARTESIAN COORD. ( 0.000 0.793 0.000):( 0.198 0.793 0.198) STEP  0.1403


 LINE  3 ( 0.38 0.38 0.75: 0.00 0.00 0.00) IN TERMS OF PRIMITIVE LATTICE VECTORS
   8 POINTS - SHRINKING_FACTOR  56
 CARTESIAN COORD. ( 0.595 0.595 0.000):( 0.000 0.000 0.000) STEP  0.1202


 LINE  4 ( 0.00 0.00 0.00: 0.50 0.50 0.50) IN TERMS OF PRIMITIVE LATTICE VECTORS
   6 POINTS - SHRINKING_FACTOR  48
 CARTESIAN COORD. ( 0.000 0.000 0.000):( 0.397 0.397 0.397) STEP  0.1145


 LINE  5 ( 0.50 0.50 0.50: 0.50 0.25 0.75) IN TERMS OF PRIMITIVE LATTICE VECTORS
   5 POINTS - SHRINKING_FACTOR  40
 CARTESIAN COORD. ( 0.397 0.397 0.397):( 0.397 0.793 0.000) STEP  0.1122


 LINE  6 ( 0.50 0.25 0.75: 0.50 0.00 0.50) IN TERMS OF PRIMITIVE LATTICE VECTORS
   3 POINTS - SHRINKING_FACTOR  24
 CARTESIAN COORD. ( 0.397 0.793 0.000):( 0.000 0.793 0.000) STEP  0.1322


   98 DATA WRITTEN ON UNIT 25 WITH THE FOLLOWING HEADER :
 -%-0BAND      0    0    0    4    0    4

   28 DATA WRITTEN ON UNIT 25 WITH THE FOLLOWING HEADER :
 -%-0BAND      4    0    4    5    2    5

  112 DATA WRITTEN ON UNIT 25 WITH THE FOLLOWING HEADER :
 -%-0BAND      3    3    6    0    0    0

   84 DATA WRITTEN ON UNIT 25 WITH THE FOLLOWING HEADER :
 -%-0BAND      0    0    0    4    4    4

   70 DATA WRITTEN ON UNIT 25 WITH THE FOLLOWING HEADER :
 -%-0BAND      4    4    4    4    2    6

   42 DATA WRITTEN ON UNIT 25 WITH THE FOLLOWING HEADER :
 -%-0BAND      4    2    6    4    0    4

 ENERGY RANGE (A.U.)  -48.85344 -   1.19223 EFERMI  -0.30827
     |*------------------------------------------------------------------*--------------------------------------*--*-*-*-*-*|
     |*                                                                  *                                      *  *  ** * *|
     |*                                                                  *                                      *  *  ** * *|
     |*                                                                  *                                      *  *  **  **|
     |*                                                                  *                                      *  *  **  **|
     |*                                                                  *                                      *  *  **  **|
     |*------------------------------------------------------------------*--------------------------------------*--*--**--**|
     |*                                                                  *                                      *  *  **  **|
     |*------------------------------------------------------------------*--------------------------------------*--*--**--**|
     |*------------------------------------------------------------------*--------------------------------------*--*--**--**|
     |*                                                                  *                                      *  *  **  **|
     |*                                                                  *                                      *  *  **  **|
     |*                                                                  *                                      *  *  **  **|
     |*                                                                  *                                      *  *  ** * *|
     |*                                                                  *                                      *  *  ** * *|
     |*                                                                  *                                      *  *  ** * *|
     |*------------------------------------------------------------------*--------------------------------------*--*-*-*-*-*|
     |*                                                                  *                                      *  *  ** * *|
     |*                                                                  *                                      *  *  ** * *|
     |*                                                                  *                                      *  *  ** * *|
     |*                                                                  *                                      *  *  **  **|
     |*                                                                  *                                      *  *  **  **|
     |*------------------------------------------------------------------*--------------------------------------*--*--**--**|
     |*                                                                  *                                      *  *  **  **|
     |*                                                                  *                                      *  *  **  **|
     |*                                                                  *                                      *  *  **  * |
     |*                                                                  *                                      *  *  **  * |
     |*------------------------------------------------------------------*--------------------------------------*--*--**--*-|
     |*                                                                  *                                      *  *  **  * |
     |*                                                                  *                                      *  *  **  **|
     |*------------------------------------------------------------------*--------------------------------------*--*--**--**|

 CAPPA:IS1  8;IS2  8;IS3  8; K PTS MONK NET  29; SYMMOPS:K SPACE  48;G SPACE  48

 TTTTTTTTTTTTTTTTTTTTTTTTTTTTTT BAND        TELAPSE        0.01 TCPU        0.01
 ENDPROP   
 TTTTTTTTTTTTTTTTTTTTTTTTTTTTTT END         TELAPSE        0.01 TCPU        0.01
 EEEEEEEEEE TERMINATION  DATE 10 09 2019 TIME 15:09:43.7
